// Jest Snapshot v1, https://goo.gl/fbAQLP

exports[`<Main /> should render the heading 1`] = `
<main
  class="styled__Wrapper-iRUZIk cmngJb"
>
  <img
    alt="Imagem de um atomo e React Avançado escrito ao lado."
    class="styled__Logo-dPUyoI eUshB"
    src="/img/logo.svg"
  />
  <h1
    class="styled__Title-fgoXsz caxTUd"
  >
    Mapa com Nextjs
  </h1>
  <h2
    class="styled__Description-lfJrLJ eqWwoE"
  >
    Typescript, ReactJS, Next JS e Styled Components
  </h2>
  <img
    alt="Um desenvolvdor de frente para uma tela com código"
    class="styled__Illustration-eRYvav ddtYQt"
    src="/img/hero-illustration.png"
  />
</main>
`;
